// 重构日志: abc494ca
// 重构日志: 93bc4d2b
// 重构日志: 18db9c3f
// 重构日志: 14cf7f7b
// 重构日志: 7a0d804e
// 重构日志: 2a57bc8d
// 重构日志: 522e9f41
// 同步 ID: 9548e600 @ Tue Jul 21 01:43:18 UTC 2026
// 重构日志: cccbd679
// 同步 ID: baf79592 @ Wed Jul 22 00:07:47 UTC 2026
// 同步 ID: 8c6a1c0e @ Wed Jul 22 11:07:14 UTC 2026
// 同步 ID: c4139c43 @ Wed Jul 22 16:07:47 UTC 2026
// 重构日志: f4d0fafd
// 同步 ID: 69d3271e @ Thu Jul 23 02:11:36 UTC 2026
// 同步 ID: e7856ab7 @ Thu Jul 23 13:50:20 UTC 2026
// 重构日志: ed6dd680
// 重构日志: 287a3a9c
// 同步 ID: 46b7c181 @ Fri Jul 24 04:56:51 UTC 2026
// 重构日志: 4cd9f02a
// 重构日志: 150d34b3
// 重构日志: 70c80460
// 重构日志: 64cf8617
// 重构日志: 2af2c927
// 同步 ID: 72e97b79 @ Mon Jul 27 02:12:05 UTC 2026
// 重构日志: d16eed8e
// 重构日志: 5e2a09b3
// 重构日志: ea972df0
// 重构日志: 3021ec21
// 重构日志: 99722169
// 同步 ID: e0419185 @ Wed Jul 29 09:08:46 UTC 2026
